
> aoc-guild-profession-planner@0.2.0 build
> node scripts/generate-migration-list.js && next build

Migration file list written to J:\Projects\guild-planner\src\migration_files.json
Ôû▓ Next.js 16.2.6 (Turbopack)
- Environments: .env.local

  Creating an optimized production build ...
Ô£ô Compiled successfully in 2.6s
  Running TypeScript ...
Failed to type check.

./src/lib/gameTracking.ts:87:15
Type error: Argument of type '(row: { role: string; is_creator: boolean; clans: { id: string; slug: string; name: string; game: GameId; group_icon_url: string | null; }; }) => { ...; }' is not assignable to parameter of type '(value: { clan_id: any; role: any; is_creator: any; clans: { id: any; slug: any; name: any; game: any; group_icon_url: any; }[]; }, index: number, array: { clan_id: any; role: any; is_creator: any; clans: { id: any; slug: any; name: any; game: any; group_icon_url: any; }[]; }[]) => { ...; }'.
  Types of parameters 'row' and 'value' are incompatible.
    Type '{ clan_id: any; role: any; is_creator: any; clans: { id: any; slug: any; name: any; game: any; group_icon_url: any; }[]; }' is not assignable to type '{ role: string; is_creator: boolean; clans: { id: string; slug: string; name: string; game: GameId; group_icon_url: string | null; }; }'.
      Types of property 'clans' are incompatible.
        Type '{ id: any; slug: any; name: any; game: any; group_icon_url: any; }[]' is missing the following properties from type '{ id: string; slug: string; name: string; game: GameId; group_icon_url: string | null; }': id, slug, name, game, group_icon_url

  85 |
  86 |   return (
> 87 |     data?.map((row: {
     |               ^
  88 |       role: string;
  89 |       is_creator: boolean;
  90 |       clans: {
Next.js build worker exited with code: 1 and signal: null
